../Core/Src/main.c:82:5:main	216	static
../Core/Src/main.c:170:6:SystemClock_Config	88	static
../Core/Src/main.c:216:13:MX_ADC1_Init	24	static
../Core/Src/main.c:263:13:MX_ADC2_Init	24	static
../Core/Src/main.c:310:13:MX_I2C1_Init	8	static
../Core/Src/main.c:344:13:MX_USART2_UART_Init	8	static
../Core/Src/main.c:377:13:MX_GPIO_Init	40	static
../Core/Src/main.c:415:6:temp_conv_Fahrenheit	32	static
../Core/Src/main.c:429:6:temp_conv_Celcius	32	static
../Core/Src/main.c:444:6:count_Flash	16	static
../Core/Src/main.c:470:6:Error_Handler	4	static,ignoring_inline_asm
